// Jest Snapshot v1, https://goo.gl/fbAQLP

exports[`PsVerticalDivider renders the component 1`] = `
<div
  className="sc-b06b11df-0 iXUNOy"
>
  <img
    alt="Vertical divider"
    data-nimg="1"
    decoding="async"
    height={40}
    loading="lazy"
    onError={[Function]}
    onLoad={[Function]}
    src="/_next/image?url=%2Fimg.jpg&w=96&q=75"
    srcSet="/_next/image?url=%2Fimg.jpg&w=48&q=75 1x, /_next/image?url=%2Fimg.jpg&w=96&q=75 2x"
    style={
      {
        "color": "transparent",
      }
    }
    width={40}
  />
</div>
`;
